[     157ms] [INFO] %cDownload the React DevTools for a better development experience: https://reactjs.org/link/react-devtools font-weight:bold @ http://localhost:5173/early-development-architecture/node_modules/.vite/deps/chunk-NUMECXU6.js?v=29d529c0:21550
[     302ms] [WARNING] <meta name="apple-mobile-web-app-capable" content="yes"> is deprecated. Please include <meta name="mobile-web-app-capable" content="yes"> @ http://localhost:5173/early-development-architecture/schedule:0
[     410ms] [INFO] Banner not shown: beforeinstallpromptevent.preventDefault() called. The page must call beforeinstallpromptevent.prompt() to show the banner. @ http://localhost:5173/early-development-architecture/schedule:0
[  213457ms] ReferenceError: RotateCcw is not defined
    at Schedule (http://localhost:5173/early-development-architecture/src/pages/Schedule.tsx?t=1785612577573:346:40)
    at renderWithHooks (http://localhost:5173/early-development-architecture/node_modules/.vite/deps/chunk-NUMECXU6.js?v=29d529c0:11548:26)
    at mountIndeterminateComponent (http://localhost:5173/early-development-architecture/node_modules/.vite/deps/chunk-NUMECXU6.js?v=29d529c0:14926:21)
    at beginWork (http://localhost:5173/early-development-architecture/node_modules/.vite/deps/chunk-NUMECXU6.js?v=29d529c0:15914:22)
    at HTMLUnknownElement.callCallback2 (http://localhost:5173/early-development-architecture/node_modules/.vite/deps/chunk-NUMECXU6.js?v=29d529c0:3674:22)
    at Object.invokeGuardedCallbackDev (http://localhost:5173/early-development-architecture/node_modules/.vite/deps/chunk-NUMECXU6.js?v=29d529c0:3699:24)
    at invokeGuardedCallback (http://localhost:5173/early-development-architecture/node_modules/.vite/deps/chunk-NUMECXU6.js?v=29d529c0:3733:39)
    at beginWork$1 (http://localhost:5173/early-development-architecture/node_modules/.vite/deps/chunk-NUMECXU6.js?v=29d529c0:19765:15)
    at performUnitOfWork (http://localhost:5173/early-development-architecture/node_modules/.vite/deps/chunk-NUMECXU6.js?v=29d529c0:19198:20)
    at workLoopSync (http://localhost:5173/early-development-architecture/node_modules/.vite/deps/chunk-NUMECXU6.js?v=29d529c0:19137:13)
[  213459ms] ReferenceError: RotateCcw is not defined
    at Schedule (http://localhost:5173/early-development-architecture/src/pages/Schedule.tsx?t=1785612577573:346:40)
    at renderWithHooks (http://localhost:5173/early-development-architecture/node_modules/.vite/deps/chunk-NUMECXU6.js?v=29d529c0:11548:26)
    at mountIndeterminateComponent (http://localhost:5173/early-development-architecture/node_modules/.vite/deps/chunk-NUMECXU6.js?v=29d529c0:14926:21)
    at beginWork (http://localhost:5173/early-development-architecture/node_modules/.vite/deps/chunk-NUMECXU6.js?v=29d529c0:15914:22)
    at HTMLUnknownElement.callCallback2 (http://localhost:5173/early-development-architecture/node_modules/.vite/deps/chunk-NUMECXU6.js?v=29d529c0:3674:22)
    at Object.invokeGuardedCallbackDev (http://localhost:5173/early-development-architecture/node_modules/.vite/deps/chunk-NUMECXU6.js?v=29d529c0:3699:24)
    at invokeGuardedCallback (http://localhost:5173/early-development-architecture/node_modules/.vite/deps/chunk-NUMECXU6.js?v=29d529c0:3733:39)
    at beginWork$1 (http://localhost:5173/early-development-architecture/node_modules/.vite/deps/chunk-NUMECXU6.js?v=29d529c0:19765:15)
    at performUnitOfWork (http://localhost:5173/early-development-architecture/node_modules/.vite/deps/chunk-NUMECXU6.js?v=29d529c0:19198:20)
    at workLoopSync (http://localhost:5173/early-development-architecture/node_modules/.vite/deps/chunk-NUMECXU6.js?v=29d529c0:19137:13)
[  213466ms] [ERROR] The above error occurred in the <Schedule> component:

    at Schedule (http://localhost:5173/early-development-architecture/src/pages/Schedule.tsx?t=1785612577573:52:13)
    at RenderedRoute (http://localhost:5173/early-development-architecture/node_modules/.vite/deps/react-router-dom.js?v=29d529c0:6669:26)
    at Outlet (http://localhost:5173/early-development-architecture/node_modules/.vite/deps/react-router-dom.js?v=29d529c0:7534:26)
    at div
    at div
    at div
    at NotificationsProvider (http://localhost:5173/early-development-architecture/src/components/NotificationsProvider.tsx?t=1785612268365:39:41)
    at Layout
    at RenderedRoute (http://localhost:5173/early-development-architecture/node_modules/.vite/deps/react-router-dom.js?v=29d529c0:6669:26)
    at Routes (http://localhost:5173/early-development-architecture/node_modules/.vite/deps/react-router-dom.js?v=29d529c0:7604:3)
    at App (http://localhost:5173/early-development-architecture/src/App.tsx?t=1785612268365:36:16)
    at Router (http://localhost:5173/early-development-architecture/node_modules/.vite/deps/react-router-dom.js?v=29d529c0:7543:13)
    at BrowserRouter (http://localhost:5173/early-development-architecture/node_modules/.vite/deps/react-router-dom.js?v=29d529c0:10859:3)

Consider adding an error boundary to your tree to customize error handling behavior.
Visit https://reactjs.org/link/error-boundaries to learn more about error boundaries. @ http://localhost:5173/early-development-architecture/node_modules/.vite/deps/chunk-NUMECXU6.js?v=29d529c0:14031
[  213472ms] ReferenceError: RotateCcw is not defined
    at Schedule (http://localhost:5173/early-development-architecture/src/pages/Schedule.tsx?t=1785612577573:346:40)
    at renderWithHooks (http://localhost:5173/early-development-architecture/node_modules/.vite/deps/chunk-NUMECXU6.js?v=29d529c0:11548:26)
    at mountIndeterminateComponent (http://localhost:5173/early-development-architecture/node_modules/.vite/deps/chunk-NUMECXU6.js?v=29d529c0:14926:21)
    at beginWork (http://localhost:5173/early-development-architecture/node_modules/.vite/deps/chunk-NUMECXU6.js?v=29d529c0:15914:22)
    at beginWork$1 (http://localhost:5173/early-development-architecture/node_modules/.vite/deps/chunk-NUMECXU6.js?v=29d529c0:19753:22)
    at performUnitOfWork (http://localhost:5173/early-development-architecture/node_modules/.vite/deps/chunk-NUMECXU6.js?v=29d529c0:19198:20)
    at workLoopSync (http://localhost:5173/early-development-architecture/node_modules/.vite/deps/chunk-NUMECXU6.js?v=29d529c0:19137:13)
    at renderRootSync (http://localhost:5173/early-development-architecture/node_modules/.vite/deps/chunk-NUMECXU6.js?v=29d529c0:19116:15)
    at recoverFromConcurrentError (http://localhost:5173/early-development-architecture/node_modules/.vite/deps/chunk-NUMECXU6.js?v=29d529c0:18736:28)
    at performSyncWorkOnRoot (http://localhost:5173/early-development-architecture/node_modules/.vite/deps/chunk-NUMECXU6.js?v=29d529c0:18879:28)
[  566990ms] [INFO] %cDownload the React DevTools for a better development experience: https://reactjs.org/link/react-devtools font-weight:bold @ http://localhost:5173/early-development-architecture/node_modules/.vite/deps/chunk-NUMECXU6.js?v=29d529c0:21550
[  567099ms] [WARNING] <meta name="apple-mobile-web-app-capable" content="yes"> is deprecated. Please include <meta name="mobile-web-app-capable" content="yes"> @ http://localhost:5173/early-development-architecture/schedule:0
[  567223ms] [INFO] Banner not shown: beforeinstallpromptevent.preventDefault() called. The page must call beforeinstallpromptevent.prompt() to show the banner. @ http://localhost:5173/early-development-architecture/schedule:0
[  613090ms] [INFO] %cDownload the React DevTools for a better development experience: https://reactjs.org/link/react-devtools font-weight:bold @ http://localhost:5173/early-development-architecture/node_modules/.vite/deps/chunk-NUMECXU6.js?v=29d529c0:21550
[  613196ms] [WARNING] <meta name="apple-mobile-web-app-capable" content="yes"> is deprecated. Please include <meta name="mobile-web-app-capable" content="yes"> @ http://localhost:5173/early-development-architecture/schedule:0
[  613288ms] [INFO] Banner not shown: beforeinstallpromptevent.preventDefault() called. The page must call beforeinstallpromptevent.prompt() to show the banner. @ http://localhost:5173/early-development-architecture/schedule:0
[  750836ms] [INFO] %cDownload the React DevTools for a better development experience: https://reactjs.org/link/react-devtools font-weight:bold @ http://localhost:5173/early-development-architecture/node_modules/.vite/deps/chunk-NUMECXU6.js?v=29d529c0:21550
[  750934ms] [WARNING] <meta name="apple-mobile-web-app-capable" content="yes"> is deprecated. Please include <meta name="mobile-web-app-capable" content="yes"> @ http://localhost:5173/early-development-architecture/schedule:0
[  751026ms] [INFO] Banner not shown: beforeinstallpromptevent.preventDefault() called. The page must call beforeinstallpromptevent.prompt() to show the banner. @ http://localhost:5173/early-development-architecture/schedule:0
[  776846ms] [INFO] %cDownload the React DevTools for a better development experience: https://reactjs.org/link/react-devtools font-weight:bold @ http://localhost:5173/early-development-architecture/node_modules/.vite/deps/chunk-NUMECXU6.js?v=29d529c0:21550
[  776926ms] [WARNING] <meta name="apple-mobile-web-app-capable" content="yes"> is deprecated. Please include <meta name="mobile-web-app-capable" content="yes"> @ http://localhost:5173/early-development-architecture/schedule:0
[  777008ms] [INFO] Banner not shown: beforeinstallpromptevent.preventDefault() called. The page must call beforeinstallpromptevent.prompt() to show the banner. @ http://localhost:5173/early-development-architecture/schedule:0
[  921294ms] [INFO] %cDownload the React DevTools for a better development experience: https://reactjs.org/link/react-devtools font-weight:bold @ http://localhost:5173/early-development-architecture/node_modules/.vite/deps/chunk-NUMECXU6.js?v=29d529c0:21550
[  921366ms] [WARNING] <meta name="apple-mobile-web-app-capable" content="yes"> is deprecated. Please include <meta name="mobile-web-app-capable" content="yes"> @ http://localhost:5173/early-development-architecture/schedule:0
[  921471ms] [INFO] Banner not shown: beforeinstallpromptevent.preventDefault() called. The page must call beforeinstallpromptevent.prompt() to show the banner. @ http://localhost:5173/early-development-architecture/schedule:0
[ 1055601ms] [INFO] %cDownload the React DevTools for a better development experience: https://reactjs.org/link/react-devtools font-weight:bold @ http://localhost:5173/early-development-architecture/node_modules/.vite/deps/chunk-NUMECXU6.js?v=29d529c0:21550
[ 1055683ms] [WARNING] <meta name="apple-mobile-web-app-capable" content="yes"> is deprecated. Please include <meta name="mobile-web-app-capable" content="yes"> @ http://localhost:5173/early-development-architecture/schedule:0
[ 1055789ms] [INFO] Banner not shown: beforeinstallpromptevent.preventDefault() called. The page must call beforeinstallpromptevent.prompt() to show the banner. @ http://localhost:5173/early-development-architecture/schedule:0
[ 1166343ms] [INFO] %cDownload the React DevTools for a better development experience: https://reactjs.org/link/react-devtools font-weight:bold @ http://localhost:5173/early-development-architecture/node_modules/.vite/deps/chunk-NUMECXU6.js?v=29d529c0:21550
[ 1166429ms] [WARNING] <meta name="apple-mobile-web-app-capable" content="yes"> is deprecated. Please include <meta name="mobile-web-app-capable" content="yes"> @ http://localhost:5173/early-development-architecture/schedule:0
[ 1166536ms] [INFO] Banner not shown: beforeinstallpromptevent.preventDefault() called. The page must call beforeinstallpromptevent.prompt() to show the banner. @ http://localhost:5173/early-development-architecture/schedule:0
